[0.041s] Invoking command in '/home/nida/Desktop/qml_ws/build/qml_pkg': /home/nida/.local/bin/cmake --build /home/nida/Desktop/qml_ws/build/qml_pkg -- -j8 -l8
[0.211s] -- Found ament_cmake: 1.3.8 (/home/nida/ros2_humble/install/ament_cmake/share/ament_cmake/cmake)
[0.941s] -- Found rclcpp: 16.0.8 (/opt/ros/humble/share/rclcpp/cmake)
[0.976s] -- Found rosidl_generator_c: 3.1.5 (/opt/ros/humble/share/rosidl_generator_c/cmake)
[0.979s] -- Found rosidl_adapter: 3.1.5 (/opt/ros/humble/share/rosidl_adapter/cmake)
[0.987s] -- Found rosidl_generator_cpp: 3.1.5 (/opt/ros/humble/share/rosidl_generator_cpp/cmake)
[1.029s] -- Using all available rosidl_typesupport_c: rosidl_typesupport_introspection_c;rosidl_typesupport_fastrtps_c
[1.081s] -- Using all available rosidl_typesupport_cpp: rosidl_typesupport_introspection_cpp;rosidl_typesupport_fastrtps_cpp
[1.183s] -- Found rmw_implementation_cmake: 6.1.1 (/opt/ros/humble/share/rmw_implementation_cmake/cmake)
[1.212s] -- Found rmw_fastrtps_cpp: 6.2.6 (/opt/ros/humble/share/rmw_fastrtps_cpp/cmake)
[1.430s] -- Using RMW implementation 'rmw_fastrtps_cpp' as default
[1.670s] -- Found example_interfaces: 0.9.3 (/opt/ros/humble/share/example_interfaces/cmake)
[2.407s] Error parsing '/home/nida/Desktop/qml_ws/src/qml_pkg/package.xml':
[2.555s] Traceback (most recent call last):
[2.556s]   File "/usr/lib/python3/dist-packages/catkin_pkg/package.py", line 610, in parse_package_string
[2.556s]     root = dom.parseString(data)
[2.556s]   File "/usr/lib/python3.10/xml/dom/minidom.py", line 2000, in parseString
[2.556s]     return expatbuilder.parseString(string)
[2.556s]   File "/usr/lib/python3.10/xml/dom/expatbuilder.py", line 925, in parseString
[2.556s]     return builder.parseString(string)
[2.556s]   File "/usr/lib/python3.10/xml/dom/expatbuilder.py", line 223, in parseString
[2.556s]     parser.Parse(string, True)
[2.556s] xml.parsers.expat.ExpatError: unclosed token: line 15, column 35
[2.556s] 
[2.557s] During handling of the above exception, another exception occurred:
[2.557s] 
[2.557s] Traceback (most recent call last):
[2.557s]   File "/home/nida/ros2_humble/install/ament_cmake_core/share/ament_cmake_core/cmake/core/package_xml_2_cmake.py", line 150, in <module>
[2.557s]     main()
[2.557s]   File "/home/nida/ros2_humble/install/ament_cmake_core/share/ament_cmake_core/cmake/core/package_xml_2_cmake.py", line 53, in main
[2.557s]     raise e
[2.557s]   File "/home/nida/ros2_humble/install/ament_cmake_core/share/ament_cmake_core/cmake/core/package_xml_2_cmake.py", line 49, in main
[2.557s]     package = parse_package_string(
[2.557s]   File "/usr/lib/python3/dist-packages/catkin_pkg/package.py", line 612, in parse_package_string
[2.558s]     raise InvalidPackage('The manifest contains invalid XML:\n%s' % ex, filename)
[2.558s] catkin_pkg.package.InvalidPackage: Error(s) in package '/home/nida/Desktop/qml_ws/src/qml_pkg/package.xml':
[2.558s] The manifest contains invalid XML:
[2.558s] unclosed token: line 15, column 35
[2.576s] [31mCMake Error at /home/nida/ros2_humble/install/ament_cmake_core/share/ament_cmake_core/cmake/core/ament_package_xml.cmake:95 (message):
[2.577s]   execute_process(/usr/bin/python3
[2.577s]   /home/nida/ros2_humble/install/ament_cmake_core/share/ament_cmake_core/cmake/core/package_xml_2_cmake.py
[2.577s]   /home/nida/Desktop/qml_ws/src/qml_pkg/package.xml
[2.577s]   /home/nida/Desktop/qml_ws/build/qml_pkg/ament_cmake_core/package.cmake)
[2.577s]   returned error code 1
[2.578s] Call Stack (most recent call first):
[2.578s]   /home/nida/ros2_humble/install/ament_cmake_core/share/ament_cmake_core/cmake/core/ament_package_xml.cmake:49 (_ament_package_xml)
[2.578s]   /home/nida/ros2_humble/install/ament_cmake_core/share/ament_cmake_core/cmake/core/ament_package.cmake:63 (ament_package_xml)
[2.578s]   CMakeLists.txt:36 (ament_package)
[2.578s] 
[2.578s] [0m
[2.578s] -- Configuring incomplete, errors occurred!
[2.592s] gmake: *** [Makefile:226: cmake_check_build_system] Error 1
[2.600s] Invoked command in '/home/nida/Desktop/qml_ws/build/qml_pkg' returned '2': /home/nida/.local/bin/cmake --build /home/nida/Desktop/qml_ws/build/qml_pkg -- -j8 -l8
